
======================================================================
python : Traceback (most recent call last):
En línea: 1 Carácter: 1
+ python test_backtest_nke_final.py 2>&1 | tee test_output.txt
+ ~~~~~~~~~~~~~~~~~~~~~~~~~~~~~~~~~~~~~~
    + CategoryInfo          : NotSpecified: (Traceback (most recent call last) 
   ::String) [], RemoteException
    + FullyQualifiedErrorId : NativeCommandError
 
  File 
"C:\Users\juant\Proyectos\Python\TradingCore\test_backtest_nke_final.py", line 
184, in <module>
    ejecutar_test()
    ~~~~~~~~~~~~~^^
  File 
"C:\Users\juant\Proyectos\Python\TradingCore\test_backtest_nke_final.py", line 
100, in ejecutar_test
    print("\U0001f3af BACKTEST: NKE con EMA(12/26)")
    ~~~~~^^^^^^^^^^^^^^^^^^^^^^^^^^^^^^^^^^^
  File "C:\Users\juant\AppData\Local\Programs\Python\Python313\Lib\encodings\cp
1252.py", line 19, in encode
    return codecs.charmap_encode(input,self.errors,encoding_table)[0]
           ~~~~~~~~~~~~~~~~~~~~~^^^^^^^^^^^^^^^^^^^^^^^^^^^^^^^^^^
UnicodeEncodeError: 'charmap' codec can't encode character '\U0001f3af' in 
position 0: character maps to <undefined>

During handling of the above exception, another exception occurred:

Traceback (most recent call last):
  File 
"C:\Users\juant\Proyectos\Python\TradingCore\test_backtest_nke_final.py", line 
186, in <module>
    print(f"\n\u274c ERROR: {e}")
    ~~~~~^^^^^^^^^^^^^^^^^^^^
  File "C:\Users\juant\AppData\Local\Programs\Python\Python313\Lib\encodings\cp
1252.py", line 19, in encode
    return codecs.charmap_encode(input,self.errors,encoding_table)[0]
           ~~~~~~~~~~~~~~~~~~~~~^^^^^^^^^^^^^^^^^^^^^^^^^^^^^^^^^^
UnicodeEncodeError: 'charmap' codec can't encode character '\u274c' in 
position 2: character maps to <undefined>
